// Jest Snapshot v1, https://goo.gl/fbAQLP

exports[`App tests 1`] = `
<BrowserRouter>
  <NavBar />
  <div
    id="pageDisplay"
  >
    <Switch>
      <Route
        component={[Function]}
        exact={true}
        key="/"
        path="/"
      />
      <Route
        component={[Function]}
      />
    </Switch>
  </div>
  <Footer />
</BrowserRouter>
`;
