// Jest Snapshot v1, https://goo.gl/fbAQLP

exports[`App tests 1`] = `
<Fragment>
  <div
    id="pageDisplay"
  >
    <div
      className="container image-background"
      style={
        Object {
          "margin": "0 auto",
        }
      }
    >
      <div
        className="row"
      >
        <div
          className="col mt-10"
        >
          <h1
            style={
              Object {
                "color": "#FFFFFF",
                "textAlign": "center",
              }
            }
          >
            Welcome to StackOverFlow-Lite
          </h1>
        </div>
      </div>
    </div>
    <div
      className="container dashboardfooter "
      id="dashBoardTitle"
    >
      <h3>
        Trending Questions
      </h3>
    </div>
    <div
      id="questionsDisplay"
    >
      <div
        className="container"
      >
        <div
          className="row no-questions"
        >
          <div
            className="alignCardWidth"
          >
            <div
              className="card"
            >
              <div
                className="container"
              >
                <div
                  className="row mt-4 pd-1"
                >
                  <div
                    className="col-2"
                  >
                    <div
                      className="symbol-display"
                    >
                      <div
                        className="alignSymbol"
                      >
                        !
                      </div>
                    </div>
                  </div>
                  <div
                    className="col-5"
                  >
                    <div
                      className="question"
                    >
                      No Questions yet!  Â  Refresh page  
                    </div>
                  </div>
                </div>
                <div
                  className="col"
                  style={
                    Object {
                      "textAlign": "right",
                    }
                  }
                >
                  <span />
                  <span />
                  <a
                    href="/"
                  >
                    <button
                      type="answer"
                    >
                      Refresh
                    </button>
                  </a>
                </div>
              </div>
            </div>
          </div>
        </div>
      </div>
    </div>
  </div>
</Fragment>
`;
